[FATAL] Process: '' (ExitSignalHandler) RTL:Handled signal: 15 [SIGTERM] Old action:(nil) Mem:0x264900000bce Code:00000000
[FATAL] Process: '' (ExitSignalHandler) RTL:Handled signal: 15 [SIGTERM] Old action:(nil) Mem:0x264900000bce Code:00000000
[FATAL] Process: '' (ExitSignalHandler) RTL:Handled signal: 15 [SIGTERM] Old action:(nil) Mem:0x264900000bce Code:00000000
